Abaqus/Explicit 2024.HF3                         DATE 09-Jan-2026  TIME 13:48:20
-------------------------------------------------------------------------------
 PREPROCESSOR WARNING MESSAGES
-------------------------------------------------------------------------------


***WARNING: There are 7 warning messages in the data (.dat) file.  Please
            check the data file for possible errors in the input file.


-------------------------------------------------------------------------------
 NUMERICAL PRECISION USED FOR THIS Abaqus/Explicit ANALYSIS
-------------------------------------------------------------------------------

Single precision package and explicit executables will be used in this analysis.

-------------------------------------------------------------------------------
-------------------------------------------------------------------------------
CRITICAL ELEMENT LENGTH INFORMATION FOR MATERIAL ABQ_PLY_FABRIC
-------------------------------------------------------------------------------

   Failure Mode:         Critical length:
   Fiber 1 tension          3.0813
   Fiber 1 compression       3.0044
   Fiber 2 tension          3.0813
   Fiber 2 compression       3.0044

   Overall critical length: 3.0044

***WARNING: Some elements exceed the critical length of 3.0044 for material
            ABQ_PLY_FABRIC. This may lead to sudden failure of these elements
            and incorrect damage dissipation.

Elements exceeding the critical length include the following:
element: 1     instance: PLATE-1
element: 2     instance: PLATE-1
element: 3     instance: PLATE-1
element: 4     instance: PLATE-1
element: 5     instance: PLATE-1
element: 6     instance: PLATE-1
element: 7     instance: PLATE-1
element: 8     instance: PLATE-1
element: 9     instance: PLATE-1
element: 10     instance: PLATE-1
element: 11     instance: PLATE-1
element: 12     instance: PLATE-1
element: 13     instance: PLATE-1
element: 14     instance: PLATE-1
element: 15     instance: PLATE-1
element: 16     instance: PLATE-1
element: 17     instance: PLATE-1
element: 18     instance: PLATE-1
element: 19     instance: PLATE-1
element: 20     instance: PLATE-1
element: 21     instance: PLATE-1
element: 22     instance: PLATE-1
element: 23     instance: PLATE-1
element: 24     instance: PLATE-1
element: 25     instance: PLATE-1
element: 26     instance: PLATE-1
element: 27     instance: PLATE-1
element: 28     instance: PLATE-1
element: 29     instance: PLATE-1
element: 30     instance: PLATE-1
element: 31     instance: PLATE-1
element: 32     instance: PLATE-1
element: 33     instance: PLATE-1
element: 34     instance: PLATE-1
element: 35     instance: PLATE-1
element: 36     instance: PLATE-1
element: 37     instance: PLATE-1
element: 38     instance: PLATE-1
element: 39     instance: PLATE-1
element: 40     instance: PLATE-1
element: 41     instance: PLATE-1
element: 42     instance: PLATE-1
element: 43     instance: PLATE-1
element: 44     instance: PLATE-1
element: 45     instance: PLATE-1
element: 46     instance: PLATE-1
element: 47     instance: PLATE-1
element: 48     instance: PLATE-1
element: 49     instance: PLATE-1
element: 50     instance: PLATE-1
element: 51     instance: PLATE-1
element: 52     instance: PLATE-1
element: 53     instance: PLATE-1
element: 54     instance: PLATE-1
element: 55     instance: PLATE-1
element: 56     instance: PLATE-1
element: 57     instance: PLATE-1
element: 58     instance: PLATE-1
element: 59     instance: PLATE-1
element: 60     instance: PLATE-1
element: 61     instance: PLATE-1
element: 62     instance: PLATE-1
element: 63     instance: PLATE-1
element: 64     instance: PLATE-1
element: 65     instance: PLATE-1
element: 66     instance: PLATE-1
element: 67     instance: PLATE-1
element: 68     instance: PLATE-1
element: 69     instance: PLATE-1
element: 70     instance: PLATE-1
element: 71     instance: PLATE-1
element: 72     instance: PLATE-1
element: 73     instance: PLATE-1
element: 74     instance: PLATE-1
element: 75     instance: PLATE-1
element: 76     instance: PLATE-1
element: 77     instance: PLATE-1
element: 78     instance: PLATE-1
element: 79     instance: PLATE-1
element: 80     instance: PLATE-1
element: 81     instance: PLATE-1
element: 82     instance: PLATE-1
element: 83     instance: PLATE-1
element: 84     instance: PLATE-1
element: 85     instance: PLATE-1
element: 86     instance: PLATE-1
element: 87     instance: PLATE-1
element: 88     instance: PLATE-1
element: 89     instance: PLATE-1
element: 90     instance: PLATE-1
element: 91     instance: PLATE-1
element: 92     instance: PLATE-1
element: 93     instance: PLATE-1
element: 94     instance: PLATE-1
element: 95     instance: PLATE-1
element: 96     instance: PLATE-1
element: 97     instance: PLATE-1
element: 98     instance: PLATE-1
element: 99     instance: PLATE-1
element: 100     instance: PLATE-1
element: 101     instance: PLATE-1
element: 102     instance: PLATE-1
element: 103     instance: PLATE-1
element: 104     instance: PLATE-1
element: 105     instance: PLATE-1
element: 106     instance: PLATE-1
element: 107     instance: PLATE-1
element: 108     instance: PLATE-1
element: 109     instance: PLATE-1
element: 110     instance: PLATE-1
element: 111     instance: PLATE-1
element: 112     instance: PLATE-1
element: 113     instance: PLATE-1
element: 114     instance: PLATE-1
element: 115     instance: PLATE-1
element: 116     instance: PLATE-1
element: 117     instance: PLATE-1
element: 118     instance: PLATE-1
element: 119     instance: PLATE-1
element: 120     instance: PLATE-1
element: 121     instance: PLATE-1
element: 122     instance: PLATE-1
element: 123     instance: PLATE-1
element: 124     instance: PLATE-1
element: 125     instance: PLATE-1
element: 126     instance: PLATE-1
element: 127     instance: PLATE-1
element: 128     instance: PLATE-1
element: 129     instance: PLATE-1
element: 130     instance: PLATE-1
element: 131     instance: PLATE-1
element: 132     instance: PLATE-1
element: 133     instance: PLATE-1
element: 134     instance: PLATE-1
element: 135     instance: PLATE-1
element: 136     instance: PLATE-1
element: 137     instance: PLATE-1
element: 138     instance: PLATE-1
element: 139     instance: PLATE-1
element: 140     instance: PLATE-1
element: 141     instance: PLATE-1
element: 142     instance: PLATE-1
element: 143     instance: PLATE-1
element: 144     instance: PLATE-1

-------------------------------------------------------------------------------
 MODEL INFORMATION (IN GLOBAL X-Y COORDINATES)
-------------------------------------------------------------------------------

   Total mass in model = 5.57947E-05
   Center of mass of model = ( 9.748231E+01, 9.080458E+01, 0.000000E+00)

    Moments of Inertia :
                 About Center of Mass              About Origin
      I(XX)          1.598253E-01                  6.198792E-01
      I(YY)          1.841549E-01                  7.143612E-01
      I(ZZ)          3.437964E-01                  1.334057E+00
      I(XY)          1.401842E-03                 -4.924842E-01
      I(YZ)          0.000000E+00                  0.000000E+00
      I(ZX)          0.000000E+00                  0.000000E+00

-------------------------------------------------------------------------------
 STABLE TIME INCREMENT INFORMATION
-------------------------------------------------------------------------------


  The stable time increment estimate for each element is based on
  linearization about the initial state.


   Initial time increment = 7.05714E-07

   Statistics for all elements:
      Mean = 1.00311E-06
      Standard deviation = 7.41657E-08

   Most critical elements:
    Element number   Rank    Time increment   Increment ratio
    (Instance name)
   ----------------------------------------------------------
         287          1       7.057140E-07      1.000000E+00
    PLATE-1
         216          2       7.063445E-07      9.991074E-01
    PLATE-1
         282          3       7.448093E-07      9.475097E-01
    PLATE-1
         283          4       7.457136E-07      9.463606E-01
    PLATE-1
          48          5       7.504790E-07      9.403514E-01
    PLATE-1
          13          6       7.603101E-07      9.281923E-01
    PLATE-1
         349          7       7.627812E-07      9.251854E-01
    PLATE-1
        1345          8       7.646727E-07      9.228969E-01
    PLATE-1
          59          9       7.665883E-07      9.205906E-01
    PLATE-1
        1431         10       7.683893E-07      9.184329E-01
    PLATE-1


  Instance name for the most critical element will be printed if the critical
  element changes or at the beginning of a new page.



Abaqus/Explicit 2024.HF3                         DATE 09-Jan-2026  TIME 13:48:21
The entire model is considered 1 domain.
Only 1 MPI rank is used.

-------------------------------------------------------------------------------
 SOLUTION PROGRESS
-------------------------------------------------------------------------------

 STEP 1  ORIGIN 0.0000

  Total memory used for step 1 is approximately 6.7 megabytes.
  Global time estimation algorithm will be used.
  Scaling factor:  1.0000
              STEP     TOTAL      WALL        STABLE    CRITICAL    KINETIC      TOTAL
INCREMENT     TIME      TIME      TIME     INCREMENT     ELEMENT     ENERGY     ENERGY
        0  0.000E+00 0.000E+00  00:00:00 7.05714E-07         287  3.243E-02  3.243E-02
INSTANCE WITH CRITICAL ELEMENT: PLATE-1
Output Field Frame Number     0, of      1, at step time 0.000E+00
      595  5.001E-04 5.001E-04  00:00:00 8.54244E-07         287  1.242E+00  3.244E-02
INSTANCE WITH CRITICAL ELEMENT: PLATE-1
     1181  1.001E-03 1.001E-03  00:00:01 8.54244E-07         287  6.371E-01  3.232E-02
INSTANCE WITH CRITICAL ELEMENT: PLATE-1
     1767  1.501E-03 1.501E-03  00:00:01 8.54244E-07         287  1.474E+00  3.217E-02
INSTANCE WITH CRITICAL ELEMENT: PLATE-1
     2353  2.002E-03 2.002E-03  00:00:01 8.54244E-07         287  8.071E-01  3.224E-02
INSTANCE WITH CRITICAL ELEMENT: PLATE-1
     2939  2.502E-03 2.502E-03  00:00:02 8.54244E-07         287  1.130E+00  3.222E-02
INSTANCE WITH CRITICAL ELEMENT: PLATE-1
     3525  3.003E-03 3.003E-03  00:00:02 8.54244E-07         287  3.719E-01  3.216E-02
INSTANCE WITH CRITICAL ELEMENT: PLATE-1
     4111  3.504E-03 3.504E-03  00:00:02 8.54244E-07         287  8.569E-01  3.203E-02
INSTANCE WITH CRITICAL ELEMENT: PLATE-1
     4697  4.004E-03 4.004E-03  00:00:02 8.54244E-07         287  5.784E-01  3.206E-02
INSTANCE WITH CRITICAL ELEMENT: PLATE-1
     5283  4.505E-03 4.505E-03  00:00:03 8.54244E-07         287  1.051E+00  3.197E-02
INSTANCE WITH CRITICAL ELEMENT: PLATE-1
     5869  5.005E-03 5.005E-03  00:00:03 8.54244E-07         287  8.417E-01  3.197E-02
INSTANCE WITH CRITICAL ELEMENT: PLATE-1
     6455  5.506E-03 5.506E-03  00:00:03 8.54244E-07         287  1.122E+00  3.192E-02
INSTANCE WITH CRITICAL ELEMENT: PLATE-1
     7041  6.006E-03 6.006E-03  00:00:04 8.54244E-07         287  6.346E-01  3.200E-02
INSTANCE WITH CRITICAL ELEMENT: PLATE-1
     7627  6.507E-03 6.507E-03  00:00:04 8.54244E-07         287  8.088E-01  3.215E-02
INSTANCE WITH CRITICAL ELEMENT: PLATE-1
     8213  7.007E-03 7.007E-03  00:00:04 8.54244E-07         287  6.722E-01  3.188E-02
INSTANCE WITH CRITICAL ELEMENT: PLATE-1
     8799  7.507E-03 7.507E-03  00:00:05 8.54244E-07         287  8.923E-01  3.168E-02
INSTANCE WITH CRITICAL ELEMENT: PLATE-1
     9385  8.008E-03 8.008E-03  00:00:05 8.54244E-07         287  9.564E-01  3.185E-02
INSTANCE WITH CRITICAL ELEMENT: PLATE-1
     9971  8.508E-03 8.508E-03  00:00:05 8.54244E-07         287  6.306E-01  3.265E-02
INSTANCE WITH CRITICAL ELEMENT: PLATE-1
    10557  9.009E-03 9.009E-03  00:00:05 8.54244E-07         287  7.376E-01  3.336E-02
INSTANCE WITH CRITICAL ELEMENT: PLATE-1
    11143  9.509E-03 9.509E-03  00:00:06 8.54244E-07         287  1.624E+01  1.666E-01
INSTANCE WITH CRITICAL ELEMENT: PLATE-1
    11718  1.000E-02 1.000E-02  00:00:06 8.54244E-07         287  3.027E+00  4.607E-02
INSTANCE WITH CRITICAL ELEMENT: PLATE-1
Restart Number  1 at 1.00000E-02
Output Field Frame Number     1, of      1, at step time 1.000E-02
  EXPLICIT EXECUTABLE TIME SUMMARY
       USER TIME (SEC)      =   6.1800
       SYSTEM TIME (SEC)    =  4.00000E-02
       WALLCLOCK TIME (SEC) =            6
              INIT (SEC) =          0
              MAIN (SEC) =          6

  THE ANALYSIS HAS COMPLETED SUCCESSFULLY

