Abaqus/Explicit 2024.HF3                         DATE 09-Jan-2026  TIME 13:44:21
-------------------------------------------------------------------------------
 PREPROCESSOR WARNING MESSAGES
-------------------------------------------------------------------------------


***WARNING: There are 7 warning messages in the data (.dat) file.  Please
            check the data file for possible errors in the input file.


-------------------------------------------------------------------------------
 NUMERICAL PRECISION USED FOR THIS Abaqus/Explicit ANALYSIS
-------------------------------------------------------------------------------

Single precision package and explicit executables will be used in this analysis.

-------------------------------------------------------------------------------
-------------------------------------------------------------------------------
CRITICAL ELEMENT LENGTH INFORMATION FOR MATERIAL ABQ_PLY_FABRIC
-------------------------------------------------------------------------------

   Failure Mode:         Critical length:
   Fiber 1 tension          3.0813
   Fiber 1 compression       3.0044
   Fiber 2 tension          3.0813
   Fiber 2 compression       3.0044

   Overall critical length: 3.0044

***WARNING: Some elements exceed the critical length of 3.0044 for material
            ABQ_PLY_FABRIC. This may lead to sudden failure of these elements
            and incorrect damage dissipation.

Elements exceeding the critical length include the following:
element: 3     instance: PLATE-1
element: 9     instance: PLATE-1
element: 14     instance: PLATE-1
element: 15     instance: PLATE-1
element: 27     instance: PLATE-1
element: 28     instance: PLATE-1
element: 38     instance: PLATE-1
element: 39     instance: PLATE-1
element: 65     instance: PLATE-1
element: 67     instance: PLATE-1
element: 70     instance: PLATE-1
element: 80     instance: PLATE-1
element: 103     instance: PLATE-1
element: 105     instance: PLATE-1
element: 130     instance: PLATE-1
element: 133     instance: PLATE-1

-------------------------------------------------------------------------------
 MODEL INFORMATION (IN GLOBAL X-Y COORDINATES)
-------------------------------------------------------------------------------

   Total mass in model = 2.89453E-05
   Center of mass of model = ( 7.855259E+01, 5.951339E+01, 0.000000E+00)

    Moments of Inertia :
                 About Center of Mass              About Origin
      I(XX)          3.617518E-02                  1.386949E-01
      I(YY)          6.299989E-02                  2.416071E-01
      I(ZZ)          9.912462E-02                  3.802515E-01
      I(XY)          1.825439E-04                 -1.351347E-01
      I(YZ)          0.000000E+00                  0.000000E+00
      I(ZX)          0.000000E+00                  0.000000E+00

-------------------------------------------------------------------------------
 STABLE TIME INCREMENT INFORMATION
-------------------------------------------------------------------------------


  The stable time increment estimate for each element is based on
  linearization about the initial state.


   Initial time increment = 4.31271E-07

   Statistics for all elements:
      Mean = 7.30274E-07
      Standard deviation = 5.54298E-08

   Most critical elements:
    Element number   Rank    Time increment   Increment ratio
    (Instance name)
   ----------------------------------------------------------
         957          1       4.312706E-07      1.000000E+00
    PLATE-1
         956          2       4.322065E-07      9.978346E-01
    PLATE-1
        1503          3       4.330142E-07      9.959733E-01
    PLATE-1
        1502          4       4.340385E-07      9.936228E-01
    PLATE-1
         381          5       4.373906E-07      9.860079E-01
    PLATE-1
         380          6       4.394368E-07      9.814166E-01
    PLATE-1
        1108          7       4.460975E-07      9.667630E-01
    PLATE-1
        1226          8       4.517907E-07      9.545805E-01
    PLATE-1
         848          9       4.576387E-07      9.423823E-01
    PLATE-1
         951         10       4.620708E-07      9.333430E-01
    PLATE-1


  Instance name for the most critical element will be printed if the critical
  element changes or at the beginning of a new page.



Abaqus/Explicit 2024.HF3                         DATE 09-Jan-2026  TIME 13:44:21
The entire model is considered 1 domain.
Only 1 MPI rank is used.

-------------------------------------------------------------------------------
 SOLUTION PROGRESS
-------------------------------------------------------------------------------

 STEP 1  ORIGIN 0.0000

  Total memory used for step 1 is approximately 6.4 megabytes.
  Global time estimation algorithm will be used.
  Scaling factor:  1.0000
              STEP     TOTAL      WALL        STABLE    CRITICAL    KINETIC      TOTAL
INCREMENT     TIME      TIME      TIME     INCREMENT     ELEMENT     ENERGY     ENERGY
        0  0.000E+00 0.000E+00  00:00:00 4.31271E-07         957  1.660E-02  1.660E-02
INSTANCE WITH CRITICAL ELEMENT: PLATE-1
Output Field Frame Number     0, of      1, at step time 0.000E+00
      927  5.001E-04 5.001E-04  00:00:01 5.45789E-07         957  2.647E-01  1.658E-02
INSTANCE WITH CRITICAL ELEMENT: PLATE-1
     1844  1.001E-03 1.001E-03  00:00:01 5.45789E-07         957  4.675E-01  1.656E-02
INSTANCE WITH CRITICAL ELEMENT: PLATE-1
     2761  1.501E-03 1.501E-03  00:00:02 5.45789E-07         957  4.935E-01  1.654E-02
INSTANCE WITH CRITICAL ELEMENT: PLATE-1
     3678  2.001E-03 2.001E-03  00:00:02 5.45789E-07         957  6.157E-01  1.655E-02
INSTANCE WITH CRITICAL ELEMENT: PLATE-1
     4595  2.502E-03 2.502E-03  00:00:02 5.45789E-07         957  7.873E-01  1.653E-02
INSTANCE WITH CRITICAL ELEMENT: PLATE-1
     5512  3.002E-03 3.002E-03  00:00:03 5.45789E-07         957  8.388E-01  1.662E-02
INSTANCE WITH CRITICAL ELEMENT: PLATE-1
     6429  3.503E-03 3.503E-03  00:00:03 5.45789E-07         957  8.535E-01  1.659E-02
INSTANCE WITH CRITICAL ELEMENT: PLATE-1
     7346  4.003E-03 4.003E-03  00:00:04 5.45789E-07         957  8.308E-01  1.680E-02
INSTANCE WITH CRITICAL ELEMENT: PLATE-1
     8263  4.504E-03 4.504E-03  00:00:04 5.45789E-07         957  7.575E-01  1.694E-02
INSTANCE WITH CRITICAL ELEMENT: PLATE-1
     9180  5.004E-03 5.004E-03  00:00:05 5.45789E-07         957  5.219E-01  1.703E-02
INSTANCE WITH CRITICAL ELEMENT: PLATE-1
    10097  5.505E-03 5.505E-03  00:00:05 5.45789E-07         957  4.299E-01  1.735E-02
INSTANCE WITH CRITICAL ELEMENT: PLATE-1
    11014  6.005E-03 6.005E-03  00:00:06 5.45789E-07         957  3.583E-01  1.745E-02
INSTANCE WITH CRITICAL ELEMENT: PLATE-1
    11931  6.506E-03 6.506E-03  00:00:06 5.45789E-07         957  3.816E-01  1.747E-02
INSTANCE WITH CRITICAL ELEMENT: PLATE-1
    12848  7.006E-03 7.006E-03  00:00:07 5.45789E-07         957  6.157E-01  1.757E-02
INSTANCE WITH CRITICAL ELEMENT: PLATE-1
    13765  7.507E-03 7.507E-03  00:00:07 5.45789E-07         957  5.340E-01  1.782E-02
INSTANCE WITH CRITICAL ELEMENT: PLATE-1
    14682  8.007E-03 8.007E-03  00:00:07 5.45789E-07         957  5.167E-01  1.792E-02
INSTANCE WITH CRITICAL ELEMENT: PLATE-1
    15599  8.507E-03 8.507E-03  00:00:08 5.45789E-07         957  5.090E-01  1.781E-02
INSTANCE WITH CRITICAL ELEMENT: PLATE-1
    16516  9.008E-03 9.008E-03  00:00:08 5.45789E-07         957  4.869E-01  1.875E-02
INSTANCE WITH CRITICAL ELEMENT: PLATE-1
    17433  9.508E-03 9.508E-03  00:00:09 5.45789E-07         957  4.820E-01  1.957E-02
INSTANCE WITH CRITICAL ELEMENT: PLATE-1
    18334  1.000E-02 1.000E-02  00:00:09 5.45789E-07         957  4.891E-01  2.021E-02
INSTANCE WITH CRITICAL ELEMENT: PLATE-1
Restart Number  1 at 1.00000E-02
Output Field Frame Number     1, of      1, at step time 1.000E-02
  EXPLICIT EXECUTABLE TIME SUMMARY
       USER TIME (SEC)      =   9.2500
       SYSTEM TIME (SEC)    =  5.00000E-02
       WALLCLOCK TIME (SEC) =            9
              INIT (SEC) =          0
              MAIN (SEC) =          9

  THE ANALYSIS HAS COMPLETED SUCCESSFULLY

