Abaqus/Explicit 2024.HF3                         DATE 09-Jan-2026  TIME 13:44:32
-------------------------------------------------------------------------------
 PREPROCESSOR WARNING MESSAGES
-------------------------------------------------------------------------------


***WARNING: There are 7 warning messages in the data (.dat) file.  Please
            check the data file for possible errors in the input file.


-------------------------------------------------------------------------------
 NUMERICAL PRECISION USED FOR THIS Abaqus/Explicit ANALYSIS
-------------------------------------------------------------------------------

Single precision package and explicit executables will be used in this analysis.

-------------------------------------------------------------------------------
-------------------------------------------------------------------------------
CRITICAL ELEMENT LENGTH INFORMATION FOR MATERIAL ABQ_PLY_FABRIC
-------------------------------------------------------------------------------

   Failure Mode:         Critical length:
   Fiber 1 tension          3.0813
   Fiber 1 compression       3.0044
   Fiber 2 tension          3.0813
   Fiber 2 compression       3.0044

   Overall critical length: 3.0044

***WARNING: Some elements exceed the critical length of 3.0044 for material
            ABQ_PLY_FABRIC. This may lead to sudden failure of these elements
            and incorrect damage dissipation.

Elements exceeding the critical length include the following:
element: 12     instance: PLATE-1
element: 18     instance: PLATE-1
element: 38     instance: PLATE-1
element: 52     instance: PLATE-1
element: 65     instance: PLATE-1
element: 82     instance: PLATE-1
element: 117     instance: PLATE-1

-------------------------------------------------------------------------------
 MODEL INFORMATION (IN GLOBAL X-Y COORDINATES)
-------------------------------------------------------------------------------

   Total mass in model = 2.49730E-05
   Center of mass of model = ( 6.910514E+01, 5.872186E+01, 0.000000E+00)

    Moments of Inertia :
                 About Center of Mass              About Origin
      I(XX)          3.100485E-02                  1.171183E-01
      I(YY)          4.295249E-02                  1.622117E-01
      I(ZZ)          7.391963E-02                  2.792922E-01
      I(XY)          2.755906E-04                 -1.010645E-01
      I(YZ)          0.000000E+00                  0.000000E+00
      I(ZX)          0.000000E+00                  0.000000E+00

-------------------------------------------------------------------------------
 STABLE TIME INCREMENT INFORMATION
-------------------------------------------------------------------------------


  The stable time increment estimate for each element is based on
  linearization about the initial state.


   Initial time increment = 4.59458E-07

   Statistics for all elements:
      Mean = 6.80065E-07
      Standard deviation = 4.79405E-08

   Most critical elements:
    Element number   Rank    Time increment   Increment ratio
    (Instance name)
   ----------------------------------------------------------
        1542          1       4.594579E-07      1.000000E+00
    PLATE-1
        2270          2       4.649773E-07      9.881297E-01
    PLATE-1
         322          3       4.964272E-07      9.255291E-01
    PLATE-1
         340          4       4.971477E-07      9.241879E-01
    PLATE-1
         893          5       5.121057E-07      8.971934E-01
    PLATE-1
        1436          6       5.197855E-07      8.839374E-01
    PLATE-1
        1440          7       5.268072E-07      8.721556E-01
    PLATE-1
        1372          8       5.270107E-07      8.718188E-01
    PLATE-1
        2221          9       5.273001E-07      8.713403E-01
    PLATE-1
         417         10       5.277752E-07      8.705559E-01
    PLATE-1


  Instance name for the most critical element will be printed if the critical
  element changes or at the beginning of a new page.



Abaqus/Explicit 2024.HF3                         DATE 09-Jan-2026  TIME 13:44:32
The entire model is considered 1 domain.
Only 1 MPI rank is used.

-------------------------------------------------------------------------------
 SOLUTION PROGRESS
-------------------------------------------------------------------------------

 STEP 1  ORIGIN 0.0000

  Total memory used for step 1 is approximately 6.4 megabytes.
  Global time estimation algorithm will be used.
  Scaling factor:  1.0000
              STEP     TOTAL      WALL        STABLE    CRITICAL    KINETIC      TOTAL
INCREMENT     TIME      TIME      TIME     INCREMENT     ELEMENT     ENERGY     ENERGY
        0  0.000E+00 0.000E+00  00:00:00 4.59458E-07        1542  2.066E-03  2.066E-03
INSTANCE WITH CRITICAL ELEMENT: PLATE-1
Output Field Frame Number     0, of      1, at step time 0.000E+00
      897  5.004E-04 5.004E-04  00:00:01 5.65533E-07        1542  9.585E-02  2.072E-03
INSTANCE WITH CRITICAL ELEMENT: PLATE-1
     1782  1.001E-03 1.001E-03  00:00:01 5.65533E-07        1542  8.842E-02  2.059E-03
INSTANCE WITH CRITICAL ELEMENT: PLATE-1
     2667  1.501E-03 1.501E-03  00:00:01 5.65533E-07        1542  3.135E-02  2.055E-03
INSTANCE WITH CRITICAL ELEMENT: PLATE-1
     3552  2.002E-03 2.002E-03  00:00:02 5.65533E-07        1542  8.308E-02  2.046E-03
INSTANCE WITH CRITICAL ELEMENT: PLATE-1
     4437  2.502E-03 2.502E-03  00:00:02 5.65533E-07        1542  4.949E-02  2.046E-03
INSTANCE WITH CRITICAL ELEMENT: PLATE-1
     5322  3.003E-03 3.003E-03  00:00:03 5.65533E-07        1542  7.929E-02  2.050E-03
INSTANCE WITH CRITICAL ELEMENT: PLATE-1
     6207  3.503E-03 3.503E-03  00:00:03 5.65533E-07        1542  6.185E-02  2.050E-03
INSTANCE WITH CRITICAL ELEMENT: PLATE-1
     7092  4.004E-03 4.004E-03  00:00:04 5.65533E-07        1542  3.546E-02  2.051E-03
INSTANCE WITH CRITICAL ELEMENT: PLATE-1
     7977  4.504E-03 4.504E-03  00:00:04 5.65533E-07        1542  9.093E-02  2.042E-03
INSTANCE WITH CRITICAL ELEMENT: PLATE-1
     8862  5.004E-03 5.004E-03  00:00:04 5.65533E-07        1542  4.743E-02  2.039E-03
INSTANCE WITH CRITICAL ELEMENT: PLATE-1
     9747  5.505E-03 5.505E-03  00:00:05 5.65533E-07        1542  5.390E-02  2.025E-03
INSTANCE WITH CRITICAL ELEMENT: PLATE-1
    10632  6.005E-03 6.005E-03  00:00:05 5.65533E-07        1542  6.853E-02  2.001E-03
INSTANCE WITH CRITICAL ELEMENT: PLATE-1
    11517  6.505E-03 6.505E-03  00:00:06 5.65533E-07        1542  5.596E-02  1.996E-03
INSTANCE WITH CRITICAL ELEMENT: PLATE-1
    12402  7.006E-03 7.006E-03  00:00:06 5.65533E-07        1542  6.493E-02  2.027E-03
INSTANCE WITH CRITICAL ELEMENT: PLATE-1
    13287  7.506E-03 7.506E-03  00:00:07 5.65533E-07        1542  4.439E-02  2.038E-03
INSTANCE WITH CRITICAL ELEMENT: PLATE-1
    14172  8.006E-03 8.006E-03  00:00:07 5.65533E-07        1542  6.339E-02  2.096E-03
INSTANCE WITH CRITICAL ELEMENT: PLATE-1
    15057  8.507E-03 8.507E-03  00:00:08 5.65533E-07        1542  7.444E-02  2.099E-03
INSTANCE WITH CRITICAL ELEMENT: PLATE-1
    15942  9.007E-03 9.007E-03  00:00:08 5.65533E-07        1542  3.827E-02  2.185E-03
INSTANCE WITH CRITICAL ELEMENT: PLATE-1
    16827  9.507E-03 9.507E-03  00:00:08 5.65533E-07        1542  6.115E-02  2.100E-03
INSTANCE WITH CRITICAL ELEMENT: PLATE-1
    17699  1.000E-02 1.000E-02  00:00:09 5.65533E-07        1542  6.450E-02  2.137E-03
INSTANCE WITH CRITICAL ELEMENT: PLATE-1
Restart Number  1 at 1.00000E-02
Output Field Frame Number     1, of      1, at step time 1.000E-02
  EXPLICIT EXECUTABLE TIME SUMMARY
       USER TIME (SEC)      =   8.8300
       SYSTEM TIME (SEC)    =  3.00000E-02
       WALLCLOCK TIME (SEC) =            9
              INIT (SEC) =          0
              MAIN (SEC) =          9

  THE ANALYSIS HAS COMPLETED SUCCESSFULLY

