Abaqus/Explicit 2024.HF3                         DATE 09-Jan-2026  TIME 13:45:39
-------------------------------------------------------------------------------
 PREPROCESSOR WARNING MESSAGES
-------------------------------------------------------------------------------


***WARNING: There are 7 warning messages in the data (.dat) file.  Please
            check the data file for possible errors in the input file.


-------------------------------------------------------------------------------
 NUMERICAL PRECISION USED FOR THIS Abaqus/Explicit ANALYSIS
-------------------------------------------------------------------------------

Single precision package and explicit executables will be used in this analysis.

-------------------------------------------------------------------------------
-------------------------------------------------------------------------------
CRITICAL ELEMENT LENGTH INFORMATION FOR MATERIAL ABQ_PLY_FABRIC
-------------------------------------------------------------------------------

   Failure Mode:         Critical length:
   Fiber 1 tension          3.0813
   Fiber 1 compression       3.0044
   Fiber 2 tension          3.0813
   Fiber 2 compression       3.0044

   Overall critical length: 3.0044

***WARNING: Some elements exceed the critical length of 3.0044 for material
            ABQ_PLY_FABRIC. This may lead to sudden failure of these elements
            and incorrect damage dissipation.

Elements exceeding the critical length include the following:
element: 1     instance: PLATE-1
element: 2     instance: PLATE-1
element: 3     instance: PLATE-1
element: 4     instance: PLATE-1
element: 5     instance: PLATE-1
element: 6     instance: PLATE-1
element: 7     instance: PLATE-1
element: 8     instance: PLATE-1
element: 9     instance: PLATE-1
element: 10     instance: PLATE-1
element: 11     instance: PLATE-1
element: 12     instance: PLATE-1
element: 13     instance: PLATE-1
element: 14     instance: PLATE-1
element: 15     instance: PLATE-1
element: 16     instance: PLATE-1
element: 17     instance: PLATE-1
element: 18     instance: PLATE-1
element: 19     instance: PLATE-1
element: 20     instance: PLATE-1
element: 21     instance: PLATE-1
element: 22     instance: PLATE-1
element: 23     instance: PLATE-1
element: 24     instance: PLATE-1
element: 25     instance: PLATE-1
element: 26     instance: PLATE-1
element: 27     instance: PLATE-1
element: 28     instance: PLATE-1
element: 29     instance: PLATE-1
element: 30     instance: PLATE-1
element: 31     instance: PLATE-1
element: 32     instance: PLATE-1
element: 33     instance: PLATE-1
element: 34     instance: PLATE-1
element: 35     instance: PLATE-1
element: 36     instance: PLATE-1
element: 37     instance: PLATE-1
element: 38     instance: PLATE-1
element: 39     instance: PLATE-1
element: 40     instance: PLATE-1
element: 41     instance: PLATE-1
element: 42     instance: PLATE-1
element: 43     instance: PLATE-1
element: 44     instance: PLATE-1
element: 45     instance: PLATE-1
element: 46     instance: PLATE-1
element: 47     instance: PLATE-1
element: 48     instance: PLATE-1
element: 49     instance: PLATE-1
element: 50     instance: PLATE-1
element: 51     instance: PLATE-1
element: 52     instance: PLATE-1
element: 53     instance: PLATE-1
element: 54     instance: PLATE-1
element: 55     instance: PLATE-1
element: 56     instance: PLATE-1
element: 57     instance: PLATE-1
element: 58     instance: PLATE-1
element: 59     instance: PLATE-1
element: 60     instance: PLATE-1
element: 61     instance: PLATE-1
element: 62     instance: PLATE-1
element: 63     instance: PLATE-1
element: 64     instance: PLATE-1
element: 65     instance: PLATE-1
element: 66     instance: PLATE-1
element: 67     instance: PLATE-1
element: 68     instance: PLATE-1
element: 69     instance: PLATE-1
element: 70     instance: PLATE-1
element: 71     instance: PLATE-1
element: 72     instance: PLATE-1
element: 73     instance: PLATE-1
element: 74     instance: PLATE-1
element: 75     instance: PLATE-1
element: 76     instance: PLATE-1
element: 77     instance: PLATE-1
element: 78     instance: PLATE-1
element: 79     instance: PLATE-1
element: 80     instance: PLATE-1
element: 81     instance: PLATE-1
element: 82     instance: PLATE-1
element: 83     instance: PLATE-1
element: 84     instance: PLATE-1
element: 85     instance: PLATE-1
element: 86     instance: PLATE-1
element: 87     instance: PLATE-1
element: 88     instance: PLATE-1
element: 89     instance: PLATE-1
element: 90     instance: PLATE-1
element: 91     instance: PLATE-1
element: 92     instance: PLATE-1
element: 93     instance: PLATE-1
element: 94     instance: PLATE-1
element: 95     instance: PLATE-1
element: 96     instance: PLATE-1
element: 97     instance: PLATE-1
element: 98     instance: PLATE-1
element: 99     instance: PLATE-1
element: 100     instance: PLATE-1
element: 101     instance: PLATE-1
element: 102     instance: PLATE-1
element: 103     instance: PLATE-1
element: 104     instance: PLATE-1
element: 105     instance: PLATE-1
element: 106     instance: PLATE-1
element: 107     instance: PLATE-1
element: 108     instance: PLATE-1
element: 109     instance: PLATE-1
element: 110     instance: PLATE-1
element: 111     instance: PLATE-1
element: 112     instance: PLATE-1
element: 113     instance: PLATE-1
element: 114     instance: PLATE-1
element: 115     instance: PLATE-1
element: 116     instance: PLATE-1
element: 117     instance: PLATE-1
element: 118     instance: PLATE-1
element: 119     instance: PLATE-1
element: 120     instance: PLATE-1
element: 121     instance: PLATE-1
element: 122     instance: PLATE-1
element: 123     instance: PLATE-1
element: 124     instance: PLATE-1
element: 125     instance: PLATE-1
element: 126     instance: PLATE-1
element: 127     instance: PLATE-1
element: 128     instance: PLATE-1
element: 129     instance: PLATE-1
element: 130     instance: PLATE-1
element: 131     instance: PLATE-1
element: 132     instance: PLATE-1
element: 133     instance: PLATE-1
element: 134     instance: PLATE-1
element: 135     instance: PLATE-1
element: 136     instance: PLATE-1
element: 137     instance: PLATE-1
element: 138     instance: PLATE-1
element: 139     instance: PLATE-1
element: 140     instance: PLATE-1
element: 141     instance: PLATE-1
element: 142     instance: PLATE-1
element: 143     instance: PLATE-1
element: 144     instance: PLATE-1

-------------------------------------------------------------------------------
 MODEL INFORMATION (IN GLOBAL X-Y COORDINATES)
-------------------------------------------------------------------------------

   Total mass in model = 5.57593E-05
   Center of mass of model = ( 8.985682E+01, 9.827278E+01, 0.000000E+00)

    Moments of Inertia :
                 About Center of Mass              About Origin
      I(XX)          1.842445E-01                  7.227418E-01
      I(YY)          1.541014E-01                  6.043156E-01
      I(ZZ)          3.381595E-01                  1.326871E+00
      I(XY)          5.117226E-04                 -4.918693E-01
      I(YZ)          0.000000E+00                  0.000000E+00
      I(ZX)          0.000000E+00                  0.000000E+00

-------------------------------------------------------------------------------
 STABLE TIME INCREMENT INFORMATION
-------------------------------------------------------------------------------


  The stable time increment estimate for each element is based on
  linearization about the initial state.


   Initial time increment = 7.93221E-07

   Statistics for all elements:
      Mean = 1.01608E-06
      Standard deviation = 6.65581E-08

   Most critical elements:
    Element number   Rank    Time increment   Increment ratio
    (Instance name)
   ----------------------------------------------------------
          15          1       7.932210E-07      1.000000E+00
    PLATE-1
        1268          2       7.941881E-07      9.987824E-01
    PLATE-1
        1532          3       8.007495E-07      9.905983E-01
    PLATE-1
        2311          4       8.023256E-07      9.886522E-01
    PLATE-1
        2288          5       8.076472E-07      9.821381E-01
    PLATE-1
        2275          6       8.082246E-07      9.814364E-01
    PLATE-1
         269          7       8.092835E-07      9.801522E-01
    PLATE-1
         321          8       8.101438E-07      9.791114E-01
    PLATE-1
         174          9       8.119081E-07      9.769838E-01
    PLATE-1
         847         10       8.119691E-07      9.769104E-01
    PLATE-1


  Instance name for the most critical element will be printed if the critical
  element changes or at the beginning of a new page.



Abaqus/Explicit 2024.HF3                         DATE 09-Jan-2026  TIME 13:45:39
The entire model is considered 1 domain.
Only 1 MPI rank is used.

-------------------------------------------------------------------------------
 SOLUTION PROGRESS
-------------------------------------------------------------------------------

 STEP 1  ORIGIN 0.0000

  Total memory used for step 1 is approximately 6.7 megabytes.
  Global time estimation algorithm will be used.
  Scaling factor:  1.0000
              STEP     TOTAL      WALL        STABLE    CRITICAL    KINETIC      TOTAL
INCREMENT     TIME      TIME      TIME     INCREMENT     ELEMENT     ENERGY     ENERGY
        0  0.000E+00 0.000E+00  00:00:00 7.93221E-07          15  5.019E-03  5.019E-03
INSTANCE WITH CRITICAL ELEMENT: PLATE-1
Output Field Frame Number     0, of      1, at step time 0.000E+00
      565  5.003E-04 5.003E-04  00:00:01 8.90288E-07          15  1.674E-01  5.056E-03
INSTANCE WITH CRITICAL ELEMENT: PLATE-1
     1127  1.001E-03 1.001E-03  00:00:01 8.90288E-07          15  2.539E-01  5.018E-03
INSTANCE WITH CRITICAL ELEMENT: PLATE-1
     1689  1.501E-03 1.501E-03  00:00:01 8.90288E-07          15  9.293E-02  5.012E-03
INSTANCE WITH CRITICAL ELEMENT: PLATE-1
     2251  2.001E-03 2.001E-03  00:00:02 8.90288E-07          15  1.038E-01  5.006E-03
INSTANCE WITH CRITICAL ELEMENT: PLATE-1
     2813  2.502E-03 2.502E-03  00:00:02 8.90288E-07          15  2.274E-01  5.017E-03
INSTANCE WITH CRITICAL ELEMENT: PLATE-1
     3375  3.002E-03 3.002E-03  00:00:03 8.90288E-07          15  1.654E-01  5.022E-03
INSTANCE WITH CRITICAL ELEMENT: PLATE-1
     3937  3.503E-03 3.503E-03  00:00:03 8.90288E-07          15  8.018E-02  5.015E-03
INSTANCE WITH CRITICAL ELEMENT: PLATE-1
     4499  4.003E-03 4.003E-03  00:00:03 8.90288E-07          15  1.127E-01  5.037E-03
INSTANCE WITH CRITICAL ELEMENT: PLATE-1
     5061  4.503E-03 4.503E-03  00:00:04 8.90288E-07          15  1.687E-01  5.029E-03
INSTANCE WITH CRITICAL ELEMENT: PLATE-1
     5623  5.004E-03 5.004E-03  00:00:04 8.90288E-07          15  1.258E-01  5.028E-03
INSTANCE WITH CRITICAL ELEMENT: PLATE-1
     6185  5.504E-03 5.504E-03  00:00:04 8.90288E-07          15  8.426E-02  5.004E-03
INSTANCE WITH CRITICAL ELEMENT: PLATE-1
     6747  6.004E-03 6.004E-03  00:00:04 8.90288E-07          15  1.549E-01  5.011E-03
INSTANCE WITH CRITICAL ELEMENT: PLATE-1
     7309  6.505E-03 6.505E-03  00:00:05 8.90288E-07          15  1.702E-01  4.994E-03
INSTANCE WITH CRITICAL ELEMENT: PLATE-1
     7871  7.005E-03 7.005E-03  00:00:05 8.90288E-07          15  1.187E-01  4.989E-03
INSTANCE WITH CRITICAL ELEMENT: PLATE-1
     8433  7.505E-03 7.505E-03  00:00:05 8.90288E-07          15  1.165E-01  5.049E-03
INSTANCE WITH CRITICAL ELEMENT: PLATE-1
     8995  8.006E-03 8.006E-03  00:00:06 8.90288E-07          15  1.331E-01  5.079E-03
INSTANCE WITH CRITICAL ELEMENT: PLATE-1
     9557  8.506E-03 8.506E-03  00:00:06 8.90288E-07          15  1.215E-01  5.017E-03
INSTANCE WITH CRITICAL ELEMENT: PLATE-1
    10119  9.007E-03 9.007E-03  00:00:06 8.90288E-07          15  1.035E-01  5.042E-03
INSTANCE WITH CRITICAL ELEMENT: PLATE-1
    10681  9.507E-03 9.507E-03  00:00:06 8.90288E-07          15  1.271E-01  4.918E-03
INSTANCE WITH CRITICAL ELEMENT: PLATE-1
    11235  1.000E-02 1.000E-02  00:00:07 8.90288E-07          15  1.023E-01  5.053E-03
INSTANCE WITH CRITICAL ELEMENT: PLATE-1
Restart Number  1 at 1.00000E-02
Output Field Frame Number     1, of      1, at step time 1.000E-02
  EXPLICIT EXECUTABLE TIME SUMMARY
       USER TIME (SEC)      =   6.2300
       SYSTEM TIME (SEC)    =  4.00000E-02
       WALLCLOCK TIME (SEC) =            7
              INIT (SEC) =          0
              MAIN (SEC) =          7

  THE ANALYSIS HAS COMPLETED SUCCESSFULLY

