Abaqus/Explicit 2024.HF3                         DATE 09-Jan-2026  TIME 13:51:44
-------------------------------------------------------------------------------
 PREPROCESSOR WARNING MESSAGES
-------------------------------------------------------------------------------


***WARNING: There are 7 warning messages in the data (.dat) file.  Please
            check the data file for possible errors in the input file.


-------------------------------------------------------------------------------
 NUMERICAL PRECISION USED FOR THIS Abaqus/Explicit ANALYSIS
-------------------------------------------------------------------------------

Single precision package and explicit executables will be used in this analysis.

-------------------------------------------------------------------------------
-------------------------------------------------------------------------------
CRITICAL ELEMENT LENGTH INFORMATION FOR MATERIAL ABQ_PLY_FABRIC
-------------------------------------------------------------------------------

   Failure Mode:         Critical length:
   Fiber 1 tension          3.0813
   Fiber 1 compression       3.0044
   Fiber 2 tension          3.0813
   Fiber 2 compression       3.0044

   Overall critical length: 3.0044

***WARNING: Some elements exceed the critical length of 3.0044 for material
            ABQ_PLY_FABRIC. This may lead to sudden failure of these elements
            and incorrect damage dissipation.

Elements exceeding the critical length include the following:
element: 1     instance: PLATE-1
element: 2     instance: PLATE-1
element: 3     instance: PLATE-1
element: 4     instance: PLATE-1
element: 5     instance: PLATE-1
element: 6     instance: PLATE-1
element: 7     instance: PLATE-1
element: 8     instance: PLATE-1
element: 9     instance: PLATE-1
element: 10     instance: PLATE-1
element: 11     instance: PLATE-1
element: 12     instance: PLATE-1
element: 13     instance: PLATE-1
element: 14     instance: PLATE-1
element: 15     instance: PLATE-1
element: 16     instance: PLATE-1
element: 17     instance: PLATE-1
element: 18     instance: PLATE-1
element: 19     instance: PLATE-1
element: 20     instance: PLATE-1
element: 21     instance: PLATE-1
element: 22     instance: PLATE-1
element: 23     instance: PLATE-1
element: 24     instance: PLATE-1
element: 25     instance: PLATE-1
element: 26     instance: PLATE-1
element: 27     instance: PLATE-1
element: 28     instance: PLATE-1
element: 29     instance: PLATE-1
element: 30     instance: PLATE-1
element: 31     instance: PLATE-1
element: 32     instance: PLATE-1
element: 33     instance: PLATE-1
element: 34     instance: PLATE-1
element: 35     instance: PLATE-1
element: 36     instance: PLATE-1
element: 37     instance: PLATE-1
element: 38     instance: PLATE-1
element: 39     instance: PLATE-1
element: 40     instance: PLATE-1
element: 41     instance: PLATE-1
element: 42     instance: PLATE-1
element: 43     instance: PLATE-1
element: 44     instance: PLATE-1
element: 45     instance: PLATE-1
element: 46     instance: PLATE-1
element: 47     instance: PLATE-1
element: 48     instance: PLATE-1
element: 49     instance: PLATE-1
element: 50     instance: PLATE-1
element: 51     instance: PLATE-1
element: 52     instance: PLATE-1
element: 53     instance: PLATE-1
element: 54     instance: PLATE-1
element: 55     instance: PLATE-1
element: 56     instance: PLATE-1
element: 57     instance: PLATE-1
element: 58     instance: PLATE-1
element: 59     instance: PLATE-1
element: 60     instance: PLATE-1
element: 61     instance: PLATE-1
element: 62     instance: PLATE-1
element: 63     instance: PLATE-1
element: 64     instance: PLATE-1
element: 65     instance: PLATE-1
element: 66     instance: PLATE-1
element: 67     instance: PLATE-1
element: 68     instance: PLATE-1
element: 69     instance: PLATE-1
element: 70     instance: PLATE-1
element: 71     instance: PLATE-1
element: 72     instance: PLATE-1
element: 73     instance: PLATE-1
element: 74     instance: PLATE-1
element: 75     instance: PLATE-1
element: 76     instance: PLATE-1
element: 77     instance: PLATE-1
element: 78     instance: PLATE-1
element: 79     instance: PLATE-1
element: 80     instance: PLATE-1
element: 81     instance: PLATE-1
element: 82     instance: PLATE-1
element: 83     instance: PLATE-1
element: 84     instance: PLATE-1
element: 85     instance: PLATE-1
element: 86     instance: PLATE-1
element: 87     instance: PLATE-1
element: 88     instance: PLATE-1
element: 89     instance: PLATE-1
element: 90     instance: PLATE-1
element: 91     instance: PLATE-1
element: 92     instance: PLATE-1
element: 93     instance: PLATE-1
element: 94     instance: PLATE-1
element: 95     instance: PLATE-1
element: 96     instance: PLATE-1
element: 97     instance: PLATE-1
element: 98     instance: PLATE-1
element: 99     instance: PLATE-1
element: 100     instance: PLATE-1
element: 101     instance: PLATE-1
element: 102     instance: PLATE-1
element: 103     instance: PLATE-1
element: 104     instance: PLATE-1
element: 105     instance: PLATE-1
element: 106     instance: PLATE-1
element: 107     instance: PLATE-1
element: 108     instance: PLATE-1
element: 109     instance: PLATE-1
element: 110     instance: PLATE-1
element: 111     instance: PLATE-1
element: 112     instance: PLATE-1
element: 113     instance: PLATE-1
element: 114     instance: PLATE-1
element: 115     instance: PLATE-1
element: 116     instance: PLATE-1
element: 117     instance: PLATE-1
element: 118     instance: PLATE-1
element: 119     instance: PLATE-1
element: 120     instance: PLATE-1
element: 121     instance: PLATE-1
element: 122     instance: PLATE-1
element: 123     instance: PLATE-1
element: 124     instance: PLATE-1
element: 125     instance: PLATE-1
element: 126     instance: PLATE-1
element: 127     instance: PLATE-1
element: 128     instance: PLATE-1
element: 129     instance: PLATE-1
element: 130     instance: PLATE-1
element: 131     instance: PLATE-1
element: 132     instance: PLATE-1
element: 133     instance: PLATE-1
element: 134     instance: PLATE-1
element: 135     instance: PLATE-1
element: 136     instance: PLATE-1
element: 137     instance: PLATE-1
element: 138     instance: PLATE-1
element: 139     instance: PLATE-1
element: 140     instance: PLATE-1
element: 141     instance: PLATE-1
element: 142     instance: PLATE-1
element: 143     instance: PLATE-1
element: 144     instance: PLATE-1

-------------------------------------------------------------------------------
 MODEL INFORMATION (IN GLOBAL X-Y COORDINATES)
-------------------------------------------------------------------------------

   Total mass in model = 5.19466E-05
   Center of mass of model = ( 9.927249E+01, 8.611969E+01, 0.000000E+00)

    Moments of Inertia :
                 About Center of Mass              About Origin
      I(XX)          1.286450E-01                  5.139124E-01
      I(YY)          1.708510E-01                  6.827864E-01
      I(ZZ)          2.993314E-01                  1.196534E+00
      I(XY)          1.456419E-03                 -4.426517E-01
      I(YZ)          0.000000E+00                  0.000000E+00
      I(ZX)          0.000000E+00                  0.000000E+00

-------------------------------------------------------------------------------
 STABLE TIME INCREMENT INFORMATION
-------------------------------------------------------------------------------


  The stable time increment estimate for each element is based on
  linearization about the initial state.


   Initial time increment = 6.57515E-07

   Statistics for all elements:
      Mean = 9.85372E-07
      Standard deviation = 6.86835E-08

   Most critical elements:
    Element number   Rank    Time increment   Increment ratio
    (Instance name)
   ----------------------------------------------------------
         785          1       6.575149E-07      1.000000E+00
    PLATE-1
         283          2       6.784579E-07      9.691314E-01
    PLATE-1
         792          3       6.936491E-07      9.479070E-01
    PLATE-1
        2015          4       7.103274E-07      9.256505E-01
    PLATE-1
        1941          5       7.107737E-07      9.250692E-01
    PLATE-1
         285          6       7.305456E-07      9.000326E-01
    PLATE-1
        2091          7       7.320440E-07      8.981903E-01
    PLATE-1
        1702          8       7.320609E-07      8.981697E-01
    PLATE-1
        1610          9       7.342168E-07      8.955323E-01
    PLATE-1
        1596         10       7.374584E-07      8.915958E-01
    PLATE-1


  Instance name for the most critical element will be printed if the critical
  element changes or at the beginning of a new page.



Abaqus/Explicit 2024.HF3                         DATE 09-Jan-2026  TIME 13:51:45
The entire model is considered 1 domain.
Only 1 MPI rank is used.

-------------------------------------------------------------------------------
 SOLUTION PROGRESS
-------------------------------------------------------------------------------

 STEP 1  ORIGIN 0.0000

  Total memory used for step 1 is approximately 6.4 megabytes.
  Global time estimation algorithm will be used.
  Scaling factor:  1.0000
              STEP     TOTAL      WALL        STABLE    CRITICAL    KINETIC      TOTAL
INCREMENT     TIME      TIME      TIME     INCREMENT     ELEMENT     ENERGY     ENERGY
        0  0.000E+00 0.000E+00  00:00:00 6.57515E-07         785  3.142E-02  3.142E-02
INSTANCE WITH CRITICAL ELEMENT: PLATE-1
Output Field Frame Number     0, of      1, at step time 0.000E+00
      607  5.002E-04 5.002E-04  00:00:00 8.37108E-07         785  4.305E-01  3.123E-02
INSTANCE WITH CRITICAL ELEMENT: PLATE-1
     1205  1.001E-03 1.001E-03  00:00:00 8.37108E-07         785  5.009E-01  3.121E-02
INSTANCE WITH CRITICAL ELEMENT: PLATE-1
     1803  1.501E-03 1.501E-03  00:00:01 8.37108E-07         785  8.663E-01  3.116E-02
INSTANCE WITH CRITICAL ELEMENT: PLATE-1
     2401  2.002E-03 2.002E-03  00:00:01 8.37108E-07         785  1.368E+00  3.108E-02
INSTANCE WITH CRITICAL ELEMENT: PLATE-1
     2999  2.503E-03 2.503E-03  00:00:01 8.37108E-07         785  1.405E+00  3.115E-02
INSTANCE WITH CRITICAL ELEMENT: PLATE-1
     3597  3.003E-03 3.003E-03  00:00:02 8.37108E-07         785  1.288E+00  3.120E-02
INSTANCE WITH CRITICAL ELEMENT: PLATE-1
     4195  3.504E-03 3.504E-03  00:00:02 8.37108E-07         785  1.016E+00  3.119E-02
INSTANCE WITH CRITICAL ELEMENT: PLATE-1
     4793  4.004E-03 4.004E-03  00:00:02 8.37108E-07         785  6.370E-01  3.118E-02
INSTANCE WITH CRITICAL ELEMENT: PLATE-1
     5391  4.505E-03 4.505E-03  00:00:02 8.37108E-07         785  5.396E-01  3.120E-02
INSTANCE WITH CRITICAL ELEMENT: PLATE-1
     5989  5.006E-03 5.006E-03  00:00:03 8.37108E-07         785  5.788E-01  3.087E-02
INSTANCE WITH CRITICAL ELEMENT: PLATE-1
     6587  5.506E-03 5.506E-03  00:00:03 8.37108E-07         785  6.630E-01  3.082E-02
INSTANCE WITH CRITICAL ELEMENT: PLATE-1
     7185  6.007E-03 6.007E-03  00:00:03 8.37108E-07         785  8.006E-01  3.071E-02
INSTANCE WITH CRITICAL ELEMENT: PLATE-1
     7783  6.508E-03 6.508E-03  00:00:04 8.37108E-07         785  8.629E-01  3.080E-02
INSTANCE WITH CRITICAL ELEMENT: PLATE-1
     8381  7.008E-03 7.008E-03  00:00:04 8.37108E-07         785  1.205E+00  3.113E-02
INSTANCE WITH CRITICAL ELEMENT: PLATE-1
     8979  7.509E-03 7.509E-03  00:00:04 8.37108E-07         785  1.440E+00  3.146E-02
INSTANCE WITH CRITICAL ELEMENT: PLATE-1
     9577  8.010E-03 8.010E-03  00:00:05 8.37108E-07         785  9.461E-01  3.134E-02
INSTANCE WITH CRITICAL ELEMENT: PLATE-1
    10175  8.510E-03 8.510E-03  00:00:05 8.37108E-07         785  9.124E-01  3.110E-02
INSTANCE WITH CRITICAL ELEMENT: PLATE-1
    10773  9.011E-03 9.011E-03  00:00:05 8.37108E-07         785  2.161E+00  3.076E-02
INSTANCE WITH CRITICAL ELEMENT: PLATE-1
    11371  9.512E-03 9.512E-03  00:00:05 8.37108E-07         785  4.488E+01  5.907E-01
INSTANCE WITH CRITICAL ELEMENT: PLATE-1
    11955  1.000E-02 1.000E-02  00:00:06 8.37108E-07         785  4.770E+00  5.411E-02
INSTANCE WITH CRITICAL ELEMENT: PLATE-1
Restart Number  1 at 1.00000E-02
Output Field Frame Number     1, of      1, at step time 1.000E-02
  EXPLICIT EXECUTABLE TIME SUMMARY
       USER TIME (SEC)      =   6.1300
       SYSTEM TIME (SEC)    =  4.00000E-02
       WALLCLOCK TIME (SEC) =            6
              INIT (SEC) =          0
              MAIN (SEC) =          6

  THE ANALYSIS HAS COMPLETED SUCCESSFULLY

