Abaqus/Explicit 2024.HF3                         DATE 09-Jan-2026  TIME 13:30:47
-------------------------------------------------------------------------------
 PREPROCESSOR WARNING MESSAGES
-------------------------------------------------------------------------------


***WARNING: There are 7 warning messages in the data (.dat) file.  Please
            check the data file for possible errors in the input file.


-------------------------------------------------------------------------------
 NUMERICAL PRECISION USED FOR THIS Abaqus/Explicit ANALYSIS
-------------------------------------------------------------------------------

Single precision package and explicit executables will be used in this analysis.

-------------------------------------------------------------------------------
-------------------------------------------------------------------------------
CRITICAL ELEMENT LENGTH INFORMATION FOR MATERIAL ABQ_PLY_FABRIC
-------------------------------------------------------------------------------

   Failure Mode:         Critical length:
   Fiber 1 tension          3.0813
   Fiber 1 compression       3.0044
   Fiber 2 tension          3.0813
   Fiber 2 compression       3.0044

   Overall critical length: 3.0044

***WARNING: Some elements exceed the critical length of 3.0044 for material
            ABQ_PLY_FABRIC. This may lead to sudden failure of these elements
            and incorrect damage dissipation.

Elements exceeding the critical length include the following:
element: 1     instance: PLATE-1
element: 2     instance: PLATE-1
element: 3     instance: PLATE-1
element: 4     instance: PLATE-1
element: 5     instance: PLATE-1
element: 6     instance: PLATE-1
element: 7     instance: PLATE-1
element: 8     instance: PLATE-1
element: 9     instance: PLATE-1
element: 10     instance: PLATE-1
element: 11     instance: PLATE-1
element: 12     instance: PLATE-1
element: 13     instance: PLATE-1
element: 14     instance: PLATE-1
element: 15     instance: PLATE-1
element: 16     instance: PLATE-1
element: 18     instance: PLATE-1
element: 19     instance: PLATE-1
element: 20     instance: PLATE-1
element: 21     instance: PLATE-1
element: 22     instance: PLATE-1
element: 23     instance: PLATE-1
element: 24     instance: PLATE-1
element: 25     instance: PLATE-1
element: 26     instance: PLATE-1
element: 27     instance: PLATE-1
element: 28     instance: PLATE-1
element: 29     instance: PLATE-1
element: 30     instance: PLATE-1
element: 31     instance: PLATE-1
element: 32     instance: PLATE-1
element: 33     instance: PLATE-1
element: 34     instance: PLATE-1
element: 35     instance: PLATE-1
element: 36     instance: PLATE-1
element: 37     instance: PLATE-1
element: 38     instance: PLATE-1
element: 39     instance: PLATE-1
element: 40     instance: PLATE-1
element: 41     instance: PLATE-1
element: 42     instance: PLATE-1
element: 43     instance: PLATE-1
element: 44     instance: PLATE-1
element: 45     instance: PLATE-1
element: 46     instance: PLATE-1
element: 47     instance: PLATE-1
element: 48     instance: PLATE-1
element: 49     instance: PLATE-1
element: 50     instance: PLATE-1
element: 51     instance: PLATE-1
element: 52     instance: PLATE-1
element: 53     instance: PLATE-1
element: 54     instance: PLATE-1
element: 55     instance: PLATE-1
element: 56     instance: PLATE-1
element: 57     instance: PLATE-1
element: 58     instance: PLATE-1
element: 59     instance: PLATE-1
element: 60     instance: PLATE-1
element: 61     instance: PLATE-1
element: 62     instance: PLATE-1
element: 63     instance: PLATE-1
element: 64     instance: PLATE-1
element: 65     instance: PLATE-1
element: 66     instance: PLATE-1
element: 67     instance: PLATE-1
element: 68     instance: PLATE-1
element: 69     instance: PLATE-1
element: 70     instance: PLATE-1
element: 71     instance: PLATE-1
element: 72     instance: PLATE-1
element: 73     instance: PLATE-1
element: 74     instance: PLATE-1
element: 75     instance: PLATE-1
element: 76     instance: PLATE-1
element: 77     instance: PLATE-1
element: 78     instance: PLATE-1
element: 79     instance: PLATE-1
element: 80     instance: PLATE-1
element: 81     instance: PLATE-1
element: 82     instance: PLATE-1
element: 83     instance: PLATE-1
element: 84     instance: PLATE-1
element: 85     instance: PLATE-1
element: 86     instance: PLATE-1
element: 87     instance: PLATE-1
element: 88     instance: PLATE-1
element: 89     instance: PLATE-1
element: 91     instance: PLATE-1
element: 92     instance: PLATE-1
element: 93     instance: PLATE-1
element: 94     instance: PLATE-1
element: 95     instance: PLATE-1
element: 96     instance: PLATE-1
element: 97     instance: PLATE-1
element: 99     instance: PLATE-1
element: 100     instance: PLATE-1
element: 101     instance: PLATE-1
element: 102     instance: PLATE-1
element: 103     instance: PLATE-1
element: 104     instance: PLATE-1
element: 105     instance: PLATE-1
element: 106     instance: PLATE-1
element: 107     instance: PLATE-1
element: 108     instance: PLATE-1
element: 109     instance: PLATE-1
element: 110     instance: PLATE-1
element: 111     instance: PLATE-1
element: 112     instance: PLATE-1
element: 113     instance: PLATE-1
element: 114     instance: PLATE-1
element: 115     instance: PLATE-1
element: 116     instance: PLATE-1
element: 117     instance: PLATE-1
element: 118     instance: PLATE-1
element: 119     instance: PLATE-1
element: 120     instance: PLATE-1
element: 121     instance: PLATE-1
element: 122     instance: PLATE-1
element: 123     instance: PLATE-1
element: 124     instance: PLATE-1
element: 125     instance: PLATE-1
element: 126     instance: PLATE-1
element: 127     instance: PLATE-1
element: 128     instance: PLATE-1
element: 129     instance: PLATE-1
element: 130     instance: PLATE-1
element: 131     instance: PLATE-1
element: 132     instance: PLATE-1
element: 133     instance: PLATE-1
element: 134     instance: PLATE-1
element: 135     instance: PLATE-1
element: 136     instance: PLATE-1
element: 137     instance: PLATE-1
element: 138     instance: PLATE-1
element: 139     instance: PLATE-1
element: 140     instance: PLATE-1
element: 141     instance: PLATE-1
element: 142     instance: PLATE-1
element: 143     instance: PLATE-1
element: 144     instance: PLATE-1

-------------------------------------------------------------------------------
 MODEL INFORMATION (IN GLOBAL X-Y COORDINATES)
-------------------------------------------------------------------------------

   Total mass in model = 3.63118E-05
   Center of mass of model = ( 9.678961E+01, 6.059998E+01, 0.000000E+00)

    Moments of Inertia :
                 About Center of Mass              About Origin
      I(XX)          4.493596E-02                  1.782859E-01
      I(YY)          1.143835E-01                  4.545608E-01
      I(ZZ)          1.592392E-01                  6.327665E-01
      I(XY)          2.366122E-04                 -2.127484E-01
      I(YZ)          0.000000E+00                  0.000000E+00
      I(ZX)          0.000000E+00                  0.000000E+00

-------------------------------------------------------------------------------
 STABLE TIME INCREMENT INFORMATION
-------------------------------------------------------------------------------


  The stable time increment estimate for each element is based on
  linearization about the initial state.


   Initial time increment = 6.50522E-07

   Statistics for all elements:
      Mean = 8.27294E-07
      Standard deviation = 4.92518E-08

   Most critical elements:
    Element number   Rank    Time increment   Increment ratio
    (Instance name)
   ----------------------------------------------------------
        1017          1       6.505217E-07      1.000000E+00
    PLATE-1
        2170          2       6.589220E-07      9.872515E-01
    PLATE-1
        2024          3       6.604047E-07      9.850350E-01
    PLATE-1
          98          4       6.641730E-07      9.794462E-01
    PLATE-1
        1715          5       6.647391E-07      9.786121E-01
    PLATE-1
         938          6       6.703805E-07      9.703769E-01
    PLATE-1
        1224          7       6.751949E-07      9.634577E-01
    PLATE-1
         270          8       6.764589E-07      9.616574E-01
    PLATE-1
         655          9       6.767178E-07      9.612895E-01
    PLATE-1
        2277         10       6.778383E-07      9.597004E-01
    PLATE-1


  Instance name for the most critical element will be printed if the critical
  element changes or at the beginning of a new page.



Abaqus/Explicit 2024.HF3                         DATE 09-Jan-2026  TIME 13:30:47
The entire model is considered 1 domain.
Only 1 MPI rank is used.

-------------------------------------------------------------------------------
 SOLUTION PROGRESS
-------------------------------------------------------------------------------

 STEP 1  ORIGIN 0.0000

  Total memory used for step 1 is approximately 6.4 megabytes.
  Global time estimation algorithm will be used.
  Scaling factor:  1.0000
              STEP     TOTAL      WALL        STABLE    CRITICAL    KINETIC      TOTAL
INCREMENT     TIME      TIME      TIME     INCREMENT     ELEMENT     ENERGY     ENERGY
        0  0.000E+00 0.000E+00  00:00:00 6.50522E-07        1017  6.118E-03  6.118E-03
INSTANCE WITH CRITICAL ELEMENT: PLATE-1
Output Field Frame Number     0, of      1, at step time 0.000E+00
      695  5.001E-04 5.001E-04  00:00:00 7.22501E-07        1017  1.287E-01  6.142E-03
INSTANCE WITH CRITICAL ELEMENT: PLATE-1
     1388  1.001E-03 1.001E-03  00:00:01 7.22501E-07        1017  2.412E-01  6.125E-03
INSTANCE WITH CRITICAL ELEMENT: PLATE-1
     2081  1.501E-03 1.501E-03  00:00:01 7.22501E-07        1017  4.279E-01  6.105E-03
INSTANCE WITH CRITICAL ELEMENT: PLATE-1
     2774  2.002E-03 2.002E-03  00:00:01 7.22501E-07        1017  4.436E-01  6.099E-03
INSTANCE WITH CRITICAL ELEMENT: PLATE-1
     3467  2.503E-03 2.503E-03  00:00:02 7.22501E-07        1017  3.036E-01  6.112E-03
INSTANCE WITH CRITICAL ELEMENT: PLATE-1
     4160  3.003E-03 3.003E-03  00:00:02 7.22501E-07        1017  1.691E-01  6.088E-03
INSTANCE WITH CRITICAL ELEMENT: PLATE-1
     4853  3.504E-03 3.504E-03  00:00:02 7.22501E-07        1017  1.206E-01  6.095E-03
INSTANCE WITH CRITICAL ELEMENT: PLATE-1
     5546  4.005E-03 4.005E-03  00:00:03 7.22501E-07        1017  1.055E-01  6.102E-03
INSTANCE WITH CRITICAL ELEMENT: PLATE-1
     6238  4.505E-03 4.505E-03  00:00:03 7.22501E-07        1017  1.610E-01  6.118E-03
INSTANCE WITH CRITICAL ELEMENT: PLATE-1
     6930  5.005E-03 5.005E-03  00:00:03 7.22501E-07        1017  3.513E-01  6.090E-03
INSTANCE WITH CRITICAL ELEMENT: PLATE-1
     7622  5.505E-03 5.505E-03  00:00:04 7.22501E-07        1017  4.185E-01  6.067E-03
INSTANCE WITH CRITICAL ELEMENT: PLATE-1
     8314  6.005E-03 6.005E-03  00:00:04 7.22501E-07        1017  3.247E-01  6.061E-03
INSTANCE WITH CRITICAL ELEMENT: PLATE-1
     9006  6.505E-03 6.505E-03  00:00:04 7.22501E-07        1017  1.760E-01  6.172E-03
INSTANCE WITH CRITICAL ELEMENT: PLATE-1
     9698  7.005E-03 7.005E-03  00:00:05 7.22501E-07        1017  1.257E-01  6.128E-03
INSTANCE WITH CRITICAL ELEMENT: PLATE-1
    10390  7.506E-03 7.506E-03  00:00:05 7.22501E-07        1017  9.979E-02  6.077E-03
INSTANCE WITH CRITICAL ELEMENT: PLATE-1
    11082  8.006E-03 8.006E-03  00:00:05 7.22501E-07        1017  1.375E-01  6.077E-03
INSTANCE WITH CRITICAL ELEMENT: PLATE-1
    11774  8.506E-03 8.506E-03  00:00:06 7.22501E-07        1017  2.595E-01  6.099E-03
INSTANCE WITH CRITICAL ELEMENT: PLATE-1
    12466  9.006E-03 9.006E-03  00:00:06 7.22501E-07        1017  4.047E-01  6.084E-03
INSTANCE WITH CRITICAL ELEMENT: PLATE-1
    13158  9.506E-03 9.506E-03  00:00:07 7.22501E-07        1017  3.972E-01  6.172E-03
INSTANCE WITH CRITICAL ELEMENT: PLATE-1
    13842  1.000E-02 1.000E-02  00:00:07 7.22501E-07        1017  3.157E-01  6.277E-03
INSTANCE WITH CRITICAL ELEMENT: PLATE-1
Restart Number  1 at 1.00000E-02
Output Field Frame Number     1, of      1, at step time 1.000E-02
  EXPLICIT EXECUTABLE TIME SUMMARY
       USER TIME (SEC)      =   6.9500
       SYSTEM TIME (SEC)    =  5.00000E-02
       WALLCLOCK TIME (SEC) =            7
              INIT (SEC) =          0
              MAIN (SEC) =          7

  THE ANALYSIS HAS COMPLETED SUCCESSFULLY

