Abaqus/Explicit 2024.HF3                         DATE 09-Jan-2026  TIME 13:30:26
-------------------------------------------------------------------------------
 PREPROCESSOR WARNING MESSAGES
-------------------------------------------------------------------------------


***WARNING: There are 7 warning messages in the data (.dat) file.  Please
            check the data file for possible errors in the input file.


-------------------------------------------------------------------------------
 NUMERICAL PRECISION USED FOR THIS Abaqus/Explicit ANALYSIS
-------------------------------------------------------------------------------

Single precision package and explicit executables will be used in this analysis.

-------------------------------------------------------------------------------
-------------------------------------------------------------------------------
CRITICAL ELEMENT LENGTH INFORMATION FOR MATERIAL ABQ_PLY_FABRIC
-------------------------------------------------------------------------------

   Failure Mode:         Critical length:
   Fiber 1 tension          3.0813
   Fiber 1 compression       3.0044
   Fiber 2 tension          3.0813
   Fiber 2 compression       3.0044

   Overall critical length: 3.0044

***WARNING: Some elements exceed the critical length of 3.0044 for material
            ABQ_PLY_FABRIC. This may lead to sudden failure of these elements
            and incorrect damage dissipation.

Elements exceeding the critical length include the following:
element: 2     instance: PLATE-1
element: 23     instance: PLATE-1
element: 46     instance: PLATE-1
element: 62     instance: PLATE-1
element: 63     instance: PLATE-1
element: 64     instance: PLATE-1
element: 65     instance: PLATE-1
element: 87     instance: PLATE-1
element: 88     instance: PLATE-1

-------------------------------------------------------------------------------
 MODEL INFORMATION (IN GLOBAL X-Y COORDINATES)
-------------------------------------------------------------------------------

   Total mass in model = 3.06959E-05
   Center of mass of model = ( 8.310226E+01, 5.987624E+01, 0.000000E+00)

    Moments of Inertia :
                 About Center of Mass              About Origin
      I(XX)          3.660508E-02                  1.466549E-01
      I(YY)          7.040256E-02                  2.823880E-01
      I(ZZ)          1.069508E-01                  4.289860E-01
      I(XY)          4.533226E-04                 -1.522849E-01
      I(YZ)          0.000000E+00                  0.000000E+00
      I(ZX)          0.000000E+00                  0.000000E+00

-------------------------------------------------------------------------------
 STABLE TIME INCREMENT INFORMATION
-------------------------------------------------------------------------------


  The stable time increment estimate for each element is based on
  linearization about the initial state.


   Initial time increment = 5.24934E-07

   Statistics for all elements:
      Mean = 7.56277E-07
      Standard deviation = 4.83559E-08

   Most critical elements:
    Element number   Rank    Time increment   Increment ratio
    (Instance name)
   ----------------------------------------------------------
        2196          1       5.249338E-07      1.000000E+00
    PLATE-1
        2199          2       5.307021E-07      9.891308E-01
    PLATE-1
        1550          3       5.472129E-07      9.592862E-01
    PLATE-1
        1452          4       5.494434E-07      9.553920E-01
    PLATE-1
        2295          5       5.540708E-07      9.474128E-01
    PLATE-1
        1704          6       5.555409E-07      9.449058E-01
    PLATE-1
        2258          7       5.559197E-07      9.442620E-01
    PLATE-1
        2301          8       5.721934E-07      9.174062E-01
    PLATE-1
        1705          9       5.790019E-07      9.066185E-01
    PLATE-1
        1246         10       5.797529E-07      9.054440E-01
    PLATE-1


  Instance name for the most critical element will be printed if the critical
  element changes or at the beginning of a new page.



Abaqus/Explicit 2024.HF3                         DATE 09-Jan-2026  TIME 13:30:26
The entire model is considered 1 domain.
Only 1 MPI rank is used.

-------------------------------------------------------------------------------
 SOLUTION PROGRESS
-------------------------------------------------------------------------------

 STEP 1  ORIGIN 0.0000

  Total memory used for step 1 is approximately 6.4 megabytes.
  Global time estimation algorithm will be used.
  Scaling factor:  1.0000
              STEP     TOTAL      WALL        STABLE    CRITICAL    KINETIC      TOTAL
INCREMENT     TIME      TIME      TIME     INCREMENT     ELEMENT     ENERGY     ENERGY
        0  0.000E+00 0.000E+00  00:00:00 5.24934E-07        2196  7.929E-03  7.929E-03
INSTANCE WITH CRITICAL ELEMENT: PLATE-1
Output Field Frame Number     0, of      1, at step time 0.000E+00
      794  5.001E-04 5.001E-04  00:00:01 6.37396E-07        2196  4.080E-01  7.915E-03
INSTANCE WITH CRITICAL ELEMENT: PLATE-1
     1579  1.000E-03 1.000E-03  00:00:01 6.37396E-07        2196  1.452E-01  7.914E-03
INSTANCE WITH CRITICAL ELEMENT: PLATE-1
     2364  1.501E-03 1.501E-03  00:00:01 6.37396E-07        2196  2.569E-01  7.907E-03
INSTANCE WITH CRITICAL ELEMENT: PLATE-1
     3149  2.001E-03 2.001E-03  00:00:02 6.37396E-07        2196  3.460E-01  7.926E-03
INSTANCE WITH CRITICAL ELEMENT: PLATE-1
     3934  2.502E-03 2.502E-03  00:00:02 6.37396E-07        2196  1.714E-01  7.908E-03
INSTANCE WITH CRITICAL ELEMENT: PLATE-1
     4719  3.002E-03 3.002E-03  00:00:03 6.37396E-07        2196  5.132E-01  7.896E-03
INSTANCE WITH CRITICAL ELEMENT: PLATE-1
     5504  3.502E-03 3.502E-03  00:00:03 6.37396E-07        2196  1.955E-01  7.918E-03
INSTANCE WITH CRITICAL ELEMENT: PLATE-1
     6289  4.003E-03 4.003E-03  00:00:03 6.37396E-07        2196  4.095E-01  7.989E-03
INSTANCE WITH CRITICAL ELEMENT: PLATE-1
     7074  4.503E-03 4.503E-03  00:00:04 6.37396E-07        2196  2.273E-01  8.079E-03
INSTANCE WITH CRITICAL ELEMENT: PLATE-1
     7859  5.004E-03 5.004E-03  00:00:04 6.37396E-07        2196  1.763E-01  8.036E-03
INSTANCE WITH CRITICAL ELEMENT: PLATE-1
     8644  5.504E-03 5.504E-03  00:00:05 6.37396E-07        2196  3.850E-01  8.132E-03
INSTANCE WITH CRITICAL ELEMENT: PLATE-1
     9429  6.005E-03 6.005E-03  00:00:05 6.37396E-07        2196  1.134E-01  8.144E-03
INSTANCE WITH CRITICAL ELEMENT: PLATE-1
    10214  6.505E-03 6.505E-03  00:00:05 6.37396E-07        2196  4.318E-01  8.163E-03
INSTANCE WITH CRITICAL ELEMENT: PLATE-1
    10999  7.005E-03 7.005E-03  00:00:06 6.37396E-07        2196  1.294E-01  8.313E-03
INSTANCE WITH CRITICAL ELEMENT: PLATE-1
    11784  7.506E-03 7.506E-03  00:00:06 6.37396E-07        2196  2.652E-01  8.359E-03
INSTANCE WITH CRITICAL ELEMENT: PLATE-1
    12569  8.006E-03 8.006E-03  00:00:06 6.37396E-07        2196  2.340E-01  8.294E-03
INSTANCE WITH CRITICAL ELEMENT: PLATE-1
    13354  8.506E-03 8.506E-03  00:00:07 6.37396E-07        2196  1.695E-01  8.594E-03
INSTANCE WITH CRITICAL ELEMENT: PLATE-1
    14139  9.006E-03 9.006E-03  00:00:07 6.37396E-07        2196  3.651E-01  8.863E-03
INSTANCE WITH CRITICAL ELEMENT: PLATE-1
    14924  9.506E-03 9.506E-03  00:00:08 6.37396E-07        2196  1.854E-01  9.065E-03
INSTANCE WITH CRITICAL ELEMENT: PLATE-1
    15699  1.000E-02 1.000E-02  00:00:08 6.37396E-07        2196  2.194E-01  9.379E-03
INSTANCE WITH CRITICAL ELEMENT: PLATE-1
Restart Number  1 at 1.00000E-02
Output Field Frame Number     1, of      1, at step time 1.000E-02
  EXPLICIT EXECUTABLE TIME SUMMARY
       USER TIME (SEC)      =   8.0100
       SYSTEM TIME (SEC)    =  5.00000E-02
       WALLCLOCK TIME (SEC) =            8
              INIT (SEC) =          0
              MAIN (SEC) =          8

  THE ANALYSIS HAS COMPLETED SUCCESSFULLY

