Abaqus/Explicit 2024.HF3                         DATE 09-Jan-2026  TIME 13:47:21
-------------------------------------------------------------------------------
 PREPROCESSOR WARNING MESSAGES
-------------------------------------------------------------------------------


***WARNING: There are 7 warning messages in the data (.dat) file.  Please
            check the data file for possible errors in the input file.


-------------------------------------------------------------------------------
 NUMERICAL PRECISION USED FOR THIS Abaqus/Explicit ANALYSIS
-------------------------------------------------------------------------------

Single precision package and explicit executables will be used in this analysis.

-------------------------------------------------------------------------------
-------------------------------------------------------------------------------
CRITICAL ELEMENT LENGTH INFORMATION FOR MATERIAL ABQ_PLY_FABRIC
-------------------------------------------------------------------------------

   Failure Mode:         Critical length:
   Fiber 1 tension          3.0813
   Fiber 1 compression       3.0044
   Fiber 2 tension          3.0813
   Fiber 2 compression       3.0044

   Overall critical length: 3.0044

***WARNING: Some elements exceed the critical length of 3.0044 for material
            ABQ_PLY_FABRIC. This may lead to sudden failure of these elements
            and incorrect damage dissipation.

Elements exceeding the critical length include the following:
element: 25     instance: PLATE-1
element: 39     instance: PLATE-1
element: 76     instance: PLATE-1
element: 98     instance: PLATE-1
element: 101     instance: PLATE-1
element: 103     instance: PLATE-1
element: 108     instance: PLATE-1
element: 136     instance: PLATE-1
element: 141     instance: PLATE-1

-------------------------------------------------------------------------------
 MODEL INFORMATION (IN GLOBAL X-Y COORDINATES)
-------------------------------------------------------------------------------

   Total mass in model = 2.78189E-05
   Center of mass of model = ( 5.574150E+01, 7.915543E+01, 0.000000E+00)

    Moments of Inertia :
                 About Center of Mass              About Origin
      I(XX)          6.010107E-02                  2.344028E-01
      I(YY)          2.984873E-02                  1.162853E-01
      I(ZZ)          8.990219E-02                  3.506405E-01
      I(XY)          2.247529E-04                 -1.225191E-01
      I(YZ)          0.000000E+00                  0.000000E+00
      I(ZX)          0.000000E+00                  0.000000E+00

-------------------------------------------------------------------------------
 STABLE TIME INCREMENT INFORMATION
-------------------------------------------------------------------------------


  The stable time increment estimate for each element is based on
  linearization about the initial state.


   Initial time increment = 4.28596E-07

   Statistics for all elements:
      Mean = 7.25197E-07
      Standard deviation = 5.24132E-08

   Most critical elements:
    Element number   Rank    Time increment   Increment ratio
    (Instance name)
   ----------------------------------------------------------
         267          1       4.285961E-07      1.000000E+00
    PLATE-1
         296          2       4.286393E-07      9.998991E-01
    PLATE-1
          65          3       4.315697E-07      9.931098E-01
    PLATE-1
         283          4       4.317127E-07      9.927809E-01
    PLATE-1
         294          5       4.317128E-07      9.927806E-01
    PLATE-1
         295          6       4.320377E-07      9.920340E-01
    PLATE-1
         275          7       4.384080E-07      9.776192E-01
    PLATE-1
        2196          8       4.387948E-07      9.767575E-01
    PLATE-1
        2257          9       4.389074E-07      9.765068E-01
    PLATE-1
         297         10       4.394615E-07      9.752757E-01
    PLATE-1


  Instance name for the most critical element will be printed if the critical
  element changes or at the beginning of a new page.



Abaqus/Explicit 2024.HF3                         DATE 09-Jan-2026  TIME 13:47:21
The entire model is considered 1 domain.
Only 1 MPI rank is used.

-------------------------------------------------------------------------------
 SOLUTION PROGRESS
-------------------------------------------------------------------------------

 STEP 1  ORIGIN 0.0000

  Total memory used for step 1 is approximately 6.4 megabytes.
  Global time estimation algorithm will be used.
  Scaling factor:  1.0000
              STEP     TOTAL      WALL        STABLE    CRITICAL    KINETIC      TOTAL
INCREMENT     TIME      TIME      TIME     INCREMENT     ELEMENT     ENERGY     ENERGY
        0  0.000E+00 0.000E+00  00:00:00 4.28596E-07         267  1.714E-02  1.714E-02
INSTANCE WITH CRITICAL ELEMENT: PLATE-1
Output Field Frame Number     0, of      1, at step time 0.000E+00
      951  5.004E-04 5.004E-04  00:00:01 5.29677E-07         267  5.486E-01  1.708E-02
INSTANCE WITH CRITICAL ELEMENT: PLATE-1
     1895  1.000E-03 1.000E-03  00:00:01 5.29677E-07         267  3.310E-01  1.712E-02
INSTANCE WITH CRITICAL ELEMENT: PLATE-1
     2839  1.500E-03 1.500E-03  00:00:02 5.29677E-07         267  2.776E-01  1.711E-02
INSTANCE WITH CRITICAL ELEMENT: PLATE-1
     3783  2.000E-03 2.000E-03  00:00:03 5.29677E-07         267  6.457E-01  1.717E-02
INSTANCE WITH CRITICAL ELEMENT: PLATE-1
     4727  2.500E-03 2.500E-03  00:00:03 5.29677E-07         267  3.533E-01  1.730E-02
INSTANCE WITH CRITICAL ELEMENT: PLATE-1
     5671  3.001E-03 3.001E-03  00:00:03 5.29677E-07         267  3.207E-01  1.736E-02
INSTANCE WITH CRITICAL ELEMENT: PLATE-1
     6615  3.501E-03 3.501E-03  00:00:04 5.29677E-07         267  6.446E-01  1.751E-02
INSTANCE WITH CRITICAL ELEMENT: PLATE-1
     7560  4.001E-03 4.001E-03  00:00:04 5.29677E-07         267  3.121E-01  1.763E-02
INSTANCE WITH CRITICAL ELEMENT: PLATE-1
     8505  4.501E-03 4.501E-03  00:00:05 5.29677E-07         267  4.069E-01  1.786E-02
INSTANCE WITH CRITICAL ELEMENT: PLATE-1
     9450  5.002E-03 5.002E-03  00:00:05 5.29677E-07         267  1.183E+01  5.157E-02
INSTANCE WITH CRITICAL ELEMENT: PLATE-1
    10395  5.502E-03 5.502E-03  00:00:06 5.29677E-07         267  2.200E+00  2.211E-02
INSTANCE WITH CRITICAL ELEMENT: PLATE-1
    11340  6.002E-03 6.002E-03  00:00:06 5.29677E-07         267  3.168E+00  2.584E-02
INSTANCE WITH CRITICAL ELEMENT: PLATE-1
    12285  6.503E-03 6.503E-03  00:00:07 5.29677E-07         267  1.077E+00  1.945E-02
INSTANCE WITH CRITICAL ELEMENT: PLATE-1
    13230  7.003E-03 7.003E-03  00:00:08 5.29677E-07         267  7.783E-01  1.943E-02
INSTANCE WITH CRITICAL ELEMENT: PLATE-1
    14175  7.503E-03 7.503E-03  00:00:08 5.29677E-07         267  6.144E-01  1.982E-02
INSTANCE WITH CRITICAL ELEMENT: PLATE-1
    15120  8.004E-03 8.004E-03  00:00:09 5.29677E-07         267  5.268E-01  1.995E-02
INSTANCE WITH CRITICAL ELEMENT: PLATE-1
    16064  8.504E-03 8.504E-03  00:00:09 5.29677E-07         267  6.114E-01  2.014E-02
INSTANCE WITH CRITICAL ELEMENT: PLATE-1
    17008  9.004E-03 9.004E-03  00:00:10 5.29677E-07         267  5.404E-01  2.016E-02
INSTANCE WITH CRITICAL ELEMENT: PLATE-1
    17952  9.505E-03 9.505E-03  00:00:10 5.29677E-07         267  5.340E-01  1.840E-02
INSTANCE WITH CRITICAL ELEMENT: PLATE-1
    18887  1.000E-02 1.000E-02  00:00:10 5.29677E-07         267  3.955E+00 -9.746E-02
INSTANCE WITH CRITICAL ELEMENT: PLATE-1
Restart Number  1 at 1.00000E-02
Output Field Frame Number     1, of      1, at step time 1.000E-02
  EXPLICIT EXECUTABLE TIME SUMMARY
       USER TIME (SEC)      =   10.180
       SYSTEM TIME (SEC)    =  4.00000E-02
       WALLCLOCK TIME (SEC) =           11
              INIT (SEC) =          0
              MAIN (SEC) =         11

  THE ANALYSIS HAS COMPLETED SUCCESSFULLY

